[16:46:59] mission 1/2 (BIG): ai make a wooden pickaxe from trees
[16:47:09]   finished ([AI] done)
[16:47:24] mission 2/2 (quick): ai go to 100 70 100
[16:47:29]   finished ([AI] done)
[16:47:40] FARM SESSION COMPLETE: 2 missions finished cleanly
[16:48:55] mission 1/24 (quick): ai get cobble for the wall
[16:49:00]   finished ([AI] done)
[16:50:07] mission 2/24 (quick): ai collect sum dirt quick
[16:50:12]   finished ([AI] done)
[16:51:25] mission 3/24 (quick): ai go to 0 70 0
[16:51:30]   finished ([AI] done)
[16:53:07] mission 4/24 (BIG): ai get sum logs and make sticks
[16:54:02]   finished ([AI] done)
[16:54:27] mission 5/24 (quick): ai collect sum dirt quick
[16:54:32]   finished ([AI] done)
[16:56:02] mission 6/24 (quick): ai go to 0 70 0
[16:56:07]   finished ([AI] done)
[16:57:39] mission 7/24 (quick): ai get sand
[16:57:44]   finished ([AI] done)
[16:58:51] mission 8/24 (quick): ai get me cobblestone
[16:58:56]   finished ([AI] done)
[17:00:37] mission 9/24 (BIG): ai mine logs and craft a crafting table
[17:01:12]   finished ([AI] done)
[17:01:36] mission 10/24 (quick): ai get cobble for the wall
[17:01:41]   finished ([AI] done)
[17:03:31] mission 11/24 (quick): ai get sand
[17:03:36]   finished ([AI] done)
[17:05:14] mission 12/24 (BIG): ai get sum logs and make sticks
[17:09:19]   finished ([AI] done)
[17:09:44] mission 13/24 (quick): ai grab dirt
[17:09:49]   finished ([AI] done)
[17:10:58] mission 14/24 (BIG): ai get 5 logs and craft planks
[17:11:03]   finished ([AI] done)
[17:11:27] mission 15/24 (BIG): ai make a crafting table and place it
[17:11:52]   finished ([AI] done)
[17:12:15] mission 16/24 (quick): ai mine sum iron
[17:12:20]   finished ([AI] done)
[17:14:06] mission 17/24 (quick): ai stone pls
[17:14:11]   finished ([AI] done)
[17:15:43] mission 18/24 (quick): ai get wood
[17:15:48]   finished ([AI] done)
[17:17:21] mission 19/24 (quick): ai mine sum logs bro
[17:17:26]   finished ([AI] done)
[17:18:46] mission 20/24 (quick): ai get me sum oak logs
[17:18:51]   finished ([AI] done)
[17:20:33] mission 21/24 (BIG): ai make a wooden pickaxe from trees
[17:26:38]   mission timed out; sending stop
[17:27:11] mission 22/24 (BIG): ai make a wooden pickaxe from trees
[17:27:26]   finished ([AI] done)
[17:27:40] mission 23/24 (quick): ai grab dirt
[17:27:45]   finished ([AI] done)
[17:29:20] mission 24/24 (quick): ai git me sum stone
[17:29:25]   finished ([AI] done)
[17:30:39] FARM SESSION COMPLETE: 23 missions finished cleanly
